============================= test session starts =============================
platform win32 -- Python 3.11.9, pytest-8.3.5, pluggy-1.5.0
rootdir: H:\work\wxchatbot\wxchatbot
plugins: anyio-4.8.0
collected 1 item

test\llm\coze\test_client.py .                                           [100%]

============================== 1 passed in 1.79s ==============================
